{"properties":{"authenticationLevel":{"title":"Authentication Level","description":"The authentication level associated with this module.<br><br>Each authentication module has an authentication level that can be used to indicate the level of security associated with the module; 0 is the lowest (and the default).","propertyOrder":"a500","required":true,"type":"number"}}}
