{"properties":{"smsGatewayClass":{"title":"SMS Gateway Implementation Class","description":"The HOTP authentication module uses this class to send SMS messages.<br><br>The SMS gateway class must implement the following interface<br/><br/><code>com.sun.identity.authentication.modules.hotp.SMSGateway</code>","propertyOrder":"a501","required":true,"type":"string"},"smtpHostname":{"title":"Mail Server Host Name","description":"The name of the mail server; OpenAM will use SMTP to send the messages.","propertyOrder":"a502","required":true,"type":"string"},"otpValidityDuration":{"title":"One Time Password Validity Length","description":"This One Time Password will remain valid for this period (in minutes)","propertyOrder":"a507","required":true,"type":"number"},"smtpHostPort":{"title":"Mail Server Host Port","description":"The port of the mail server.<br><br>The default port for SMTP is 25, if using SSL the default port is 465.","propertyOrder":"a503","required":true,"type":"number"},"userProfileEmailAttribute":{"title":"Email Attribute Name","description":"This is the attribute name used by the OTP to email the user","propertyOrder":"a512","required":true,"type":"string"},"mobileCarrierAttribute":{"title":"Mobile Carrier Attribute Name","description":"This setting establishes the carrier used to send text messages<br><br>The code is different for each carrier. For example, if you will use Verizon as your carrier, you would enter @vtext.com or vtext.com in this field. Contact your carrier to find out the specific code should be used and find out whether they require country codes for the service.","propertyOrder":"a511","required":true,"type":"string"},"userProfileTelephoneAttribute":{"title":"Mobile Phone Number Attribute Name","description":"This is the attribute name used for a requested text message","propertyOrder":"a510","required":true,"type":"string"},"smtpFromAddress":{"title":"Email From Address","description":"Emails from the HOTP Authentication module will come from this address.","propertyOrder":"a5061","required":true,"type":"string"},"autoSendOTP":{"title":"Auto Send OTP Code","description":"Select this checkbox if the OTP should be sent automatically","propertyOrder":"a520","required":true,"type":"boolean"},"smtpUsername":{"title":"Mail Server Authentication Username","description":"The username to use if the mail server is using SMTP authentication","propertyOrder":"a504","required":true,"type":"string"},"otpLength":{"title":"One Time Password Length ","description":"The length of the generated One Time Password (in digits)","propertyOrder":"a508","required":true,"enum":["6","8"],"options":{"enum_titles":["6","8"]}},"otpDeliveryMethod":{"title":"One Time Password Delivery","description":"The mechanism used to deliver the One Time Password","propertyOrder":"a509","required":true,"enum":["SMS","E-mail","SMS and E-mail"],"options":{"enum_titles":["SMS","E-mail","SMS and E-mail"]}},"smtpSslEnabled":{"title":"Mail Server Secure Connection ","description":"This setting controls whether the authentication module communicates with the mail server using SSL/TLS","propertyOrder":"a506","required":true,"enum":["SSL","Non SSL"],"options":{"enum_titles":["SSL/TLS","Non SSL/TLS"]}},"smtpUserPassword":{"title":"Mail Server Authentication Password","description":"The password to use if the mail server is using SMTP authentication","propertyOrder":"a505","required":true,"type":"string","format":"password"},"authenticationLevel":{"title":"Authentication Level","description":"The authentication level associated with this module.<br><br>Each authentication module has an authentication level that can be used to indicate the level of security associated with the module; 0 is the lowest (and the default).","propertyOrder":"a500","required":true,"type":"number"}}}
